// Jest Snapshot v1, https://goo.gl/fbAQLP

exports[`Pruebas en ProductTitle debe de mostrar el componente correctamente con el titulo perzonalizado 1`] = `
<span
  className="productDescription Custom-class"
>
  Custom Product
</span>
`;

exports[`Pruebas en ProductTitle debe de mostrar el componete con el nombre del producto 1`] = `
<div
  className="productCard undefined"
>
  <span
    className="productDescription undefined"
  >
    Coffee Mug - Sin imagen
  </span>
</div>
`;
